// Jest Snapshot v1, https://goo.gl/fbAQLP

exports[`Should render ExpenseListItem with an expense 1`] = `
<div>
  <h3>
    <Link
      replace={false}
      to="/edit/aaa"
    >
      coffee
    </Link>
  </h3>
  <p>
    â‚±60
    -
    01-01-1970
  </p>
  <button
    onClick={[Function]}
  >
    Remove
  </button>
</div>
`;
