// Jest Snapshot v1, https://goo.gl/fbAQLP

exports[`Should render the Header 1`] = `
<header>
  <h1>
    Expensify
  </h1>
  <NavLink
    activeClassName="is-active"
    aria-current="page"
    exact={true}
    to="/expenses"
  >
    Go gome
  </NavLink>
   -
  <NavLink
    activeClassName="is-active"
    aria-current="page"
    to="/create"
  >
    New expense
  </NavLink>
   -
  <NavLink
    activeClassName="is-active"
    aria-current="page"
    to="/help"
  >
    Help
  </NavLink>
  <button
    onClick={[MockFunction]}
  >
    Logout
  </button>
</header>
`;
